src/features/plan/components/AddSlot.tsx(78,1): error TS1005: '}' expected.
src/features/plan/components/PlanSlot.tsx(41,4): error TS1005: '}' expected.
src/routes/_authenticated/plan.tsx(492,1): error TS1128: Declaration or statement expected.
src/routes/_authenticated/plan.tsx(542,1): error TS1128: Declaration or statement expected.
